Running mgpileup version 1.0
bam file                : testFiles/shortSorted.bam
reference sequence file : ../../bam/test/testFiles/chr1_partial.fa
input VCF file          : testFiles/regionShort.vcf
output VCF file         : STDOUT
add deletions as bases  : no
# from BAM = 11
# from VCF = 0
#CallsToRegion = 3
