Running mgpileup version 1.0
bam file                : testFiles/shortSorted.sam
reference sequence file : ../../bam/test/testFiles/chr1_partial.fa
