#AverageDepthDel	AverageDepthIns
3.18519	3.18519


#RepeatCount	AverageDelCheckDepth	AverageInsCheckDepth	AverageDeletionErrorRate	AverageInsertionErrorRate	AvgDeletionLen	AvgDiscordantDeletionLen	AvgInsertLen	AvgDiscordantInsertLen
0	3.33333	3.16667	0	0	0	0	0	0
1	3.88889	3.11111	0	0.04473	0	0	1.5	1
2	2.58333	3.25	0.124584	0	2	2	3	0
