0:74	POS
0:74	REF_ONLY	1	3	30
0:75	REF_ONLY	2	6	64
0:76	DETAILED	2	GT	>>	2:1	01	44:34
0:77	DETAILED	2	TG	>>	3:2	01	44:34
0:78	REF_ONLY	2	6	67
0:79	DETAILED	1	A	>	4	1	34
0:1010	POS
0:1010	DETAILED	1	C	6	0	0	0
0:1011	DETAILED	1	C	>	1	0	0
0:1012	DETAILED	1	G	6	2	0	0
0:1013	DETAILED	1	A	+	3	0	0
0:1014	DETAILED	1	A	4	4	0	0
0:1015	DETAILED	1	D	 	-1	0	0
0:1016	DETAILED	1	D	 	-1	0	0
0:1750	POS
0:1750	DETAILED	1	A	;	3	0	0
0:1751	DETAILED	1	C	>	4	0	0
0:1752	DETAILED	1	G	>	5	0	0
0:1753	DETAILED	1	T	>	6	0	0
0:1754	REF_ONLY	1	3	33
0:10272	POS
0:10272	REF_ONLY	1	3	25
0:10273	REF_ONLY	1	3	33
0:10274	DETAILED	2	CT	66	2:0	00	0:0
0:10275	DETAILED	2	CA	+>	3:1	00	0:0
0:10276	REF_ONLY	2	6	49
0:10277	DETAILED	2	DC	 +	-1:3	00	0:0
0:10278	DETAILED	2	DT	 4	-1:4	00	0:0
0:10279	EMPTY
0:10280	EMPTY
0:10281	EMPTY
0:10282	EMPTY
0:10283	EMPTY
0:10284	EMPTY
0:10285	DETAILED	1	T	6	0	0	33
0:10286	REF_ONLY	1	3	33
0:10287	REF_ONLY	1	3	25
0:10288	REF_ONLY	1	0	0
0:10289	REF_ONLY	1	3	23
0:10290	DETAILED	1	D	 	-1	0	33
0:10291	DETAILED	1	D	 	-1	0	33
1:74	POS
1:74	DETAILED	1	A	 	0	0	0
1:75	DETAILED	1	C	 	1	0	0
1:76	DETAILED	1	G	 	2	0	0
1:77	DETAILED	1	T	 	3	0	0
1:78	REF_ONLY	1	0	0
1:1750	POS
1:1750	DETAILED	1	A	;	3	0	0
1:1751	DETAILED	1	C	>	4	0	0
1:1752	DETAILED	1	G	>	5	0	0
1:1753	DETAILED	1	T	>	6	0	0
1:1754	REF_ONLY	1	3	33
2:74	POS
2:74	DETAILED	1	A	;	3	0	0
2:75	DETAILED	1	C	>	4	0	0
2:76	DETAILED	1	G	>	5	0	0
2:77	DETAILED	1	T	>	6	0	0
2:78	REF_ONLY	1	3	33
