0:74	REF_ONLY	A	1	3	30
0:75	REF_ONLY	C	2	6	64
0:76	DETAILED	T	2	GT	>>	2:1	01	44:34
0:77	DETAILED	T	2	TG	>>	3:2	01	44:34
0:10010	DETAILED	C	1	A	6	0	0	0
0:10011	DETAILED	C	1	A	>	1	0	0
0:10012	DETAILED	T	1	G	6	2	0	0
0:10013	DETAILED	A	1	T	+	3	0	0
0:10014	REF_ONLY	A	1	3	23
0:10015	DETAILED	C	1	D	 	-1	0	0
0:10016	DETAILED	C	1	D	 	-1	0	0
0:10050	DETAILED	A	1	C	;	3	0	0
0:10051	DETAILED	C	1	A	>	4	0	0
0:10052	DETAILED	C	1	G	>	5	0	0
0:10053	DETAILED	C	1	T	>	6	0	0
0:10272	REF_ONLY	T	1	3	25
0:10273	REF_ONLY	A	1	3	33
0:10274	DETAILED	A	2	CT	66	2:0	00	0:0
0:10275	DETAILED	C	2	CA	+>	3:1	00	0:0
0:10276	REF_ONLY	C	2	6	49
0:10277	DETAILED	C	2	DC	 +	-1:3	00	0:0
0:10278	DETAILED	T	2	DT	 4	-1:4	00	0:0
0:10285	DETAILED	A	1	T	6	0	0	33
0:10286	REF_ONLY	A	1	3	33
0:10287	REF_ONLY	C	1	3	25
0:10288	REF_ONLY	C	1	0	0
0:10289	REF_ONLY	C	1	3	23
0:10290	DETAILED	C	1	D	 	-1	0	33
0:10291	DETAILED	A	1	D	 	-1	0	33
1:74	DETAILED	C	1	A	 	0	0	0
1:75	DETAILED	C	1	A	 	1	0	0
1:1750	DETAILED	C	2	AA	;;	3:3	00	0:0
1:1751	DETAILED	C	2	GN	>>	4:4	00	0:0
1:1752	DETAILED	T	2	GG	>>	5:5	00	0:0
1:1753	DETAILED	A	2	TT	>>	6:6	00	0:0
1:1754	REF_ONLY	A	1	3	33
2:74	DETAILED	A	1	C	;	3	0	0
2:75	DETAILED	G	1	C	>	4	0	0
2:76	DETAILED	A	1	G	>	5	0	0
2:77	DETAILED	C	1	T	>	6	0	0
2:78	REF_ONLY	G	1	3	33
