1	28	71	Reverse
1	28	-19	Reverse
1	28	-19	Reverse
1	28	-19	Reverse
1	30	-21
1	30	-20
1	30	-20
1	30	-21
1	30	-21
1	30	-20
1	30	-20
2	32	-18	Reverse
4	24	-23
4	27	-23
4	30	-23
4	34	-5
