1	28	71	NotFirst
1	28	-19	NotFirst
1	28	-19	NotFirst
1	28	-19	NotFirst
1	30	-21
1	30	-20
1	30	-20
1	30	-21
1	30	-21
1	30	-20
1	30	-20
2	32	-18	NotFirst
4	24	-23
4	27	-23
4	30	-23
4	34	-5
