chrom	chromStart	chromEnd	TotalReads	Dups	QCFail	Mapped	Paired	ProperPaired	ZeroMapQual	MapQual<10	MapQual255	PassMapQual	AverageMapQuality	AverageMapQualCount	Depth	Q20Bases
1	100	101	3	0	0	3	3	0	1	2	0	1	11.000	3	1	1
1	101	102	3	0	0	3	3	0	1	2	0	1	11.000	3	1	0
1	102	103	3	0	0	3	3	0	1	2	0	1	11.000	3	0	0
1	103	104	3	0	0	3	3	0	1	2	0	1	11.000	3	0	0
1	104	105	3	0	0	3	3	0	1	2	0	1	11.000	3	1	0
1	105	106	3	0	0	3	3	0	1	2	0	1	11.000	3	1	1
1	110	111	3	0	0	3	3	0	1	2	0	1	11.000	3	0	0
1	111	112	3	0	0	3	3	0	1	2	0	1	11.000	3	1	1
1	112	113	3	0	0	3	3	0	1	2	0	1	11.000	3	1	1
1	10012	10013	42	6	6	24	21	3	8	16	0	8	11.000	24	7	0
1	10013	10014	39	6	6	21	18	3	7	14	0	7	11.000	21	7	5
1	10023	10024	39	6	6	21	18	3	7	14	0	7	11.000	21	0	0
1	10024	10025	39	6	6	21	18	3	7	14	0	7	11.000	21	7	6

Summary of Pileup Stats (1st Mean, 2nd Standard Deviation)
TotalReads	Dups	QCFail	Mapped	Paired	ProperPaired	ZeroMapQual	MapQual<10	MapQual255	PassMapQual	AverageMapQuality	AverageMapQualCount	Depth	Q20Bases
14.307692	1.846154	1.846154	8.769231	7.846154	0.923077	2.923077	5.846154	0.000000	2.923077	11.000000	8.769231	2.076923	1.153846
17.670053	2.882307	2.882307	9.038380	7.603137	1.441153	3.012793	6.025586	0.000000	3.012793	0.000000	9.038380	2.841993	1.993579
