chrom	chromStart	chromEnd	Depth	Q20Bases	Q20BasesPct(%)	TotalReads	MappedBases	MappingRate(%)	MapRate_MQPass(%)	ZeroMapQual(%)	MapQual<10(%)	PairedReads(%)	ProperPaired(%)	DupRate(%)	QCFailRate(%)	AverageMapQuality	AverageMapQualCount
1	100	101	2	2	100.000	3	3	100.000	66.667	33.333	66.667	100.000	0.000	0.000	0.000	11.000	3
1	101	102	2	0	0.000	3	3	100.000	66.667	33.333	66.667	100.000	0.000	0.000	0.000	11.000	3
1	102	103	0	0	0.000	3	3	100.000	66.667	33.333	66.667	100.000	0.000	0.000	0.000	11.000	3
1	103	104	0	0	0.000	3	3	100.000	66.667	33.333	66.667	100.000	0.000	0.000	0.000	11.000	3
1	104	105	2	0	0.000	3	3	100.000	66.667	33.333	66.667	100.000	0.000	0.000	0.000	11.000	3
1	105	106	2	2	100.000	3	3	100.000	66.667	33.333	66.667	100.000	0.000	0.000	0.000	11.000	3
1	110	111	0	0	0.000	3	3	100.000	66.667	33.333	66.667	100.000	0.000	0.000	0.000	11.000	3
1	111	112	2	2	100.000	3	3	100.000	66.667	33.333	66.667	100.000	0.000	0.000	0.000	11.000	3
1	112	113	2	2	100.000	3	3	100.000	66.667	33.333	66.667	100.000	0.000	0.000	0.000	11.000	3
1	10012	10013	14	0	0.000	42	24	57.143	38.095	19.048	38.095	50.000	7.143	14.286	14.286	11.000	24
1	10013	10014	14	10	71.429	39	21	53.846	35.897	17.949	35.897	46.154	7.692	15.385	15.385	11.000	21
1	10023	10024	0	0	0.000	39	21	53.846	35.897	17.949	35.897	46.154	7.692	15.385	15.385	11.000	21
1	10024	10025	14	12	85.714	39	21	53.846	35.897	17.949	35.897	46.154	7.692	15.385	15.385	11.000	21

Summary of Pileup Stats (1st Mean, 2nd Standard Deviation)
TotalReads	Dups	QCFail	Mapped	Paired	ProperPaired	ZeroMapQual	MapQual<10	MapQual255	PassMapQual	AverageMapQuality	AverageMapQualCount	Depth	Q20Bases
14.307692	1.846154	1.846154	8.769231	7.846154	0.923077	2.923077	5.846154	0.000000	5.846154	11.000000	8.769231	4.153846	2.307692
17.670053	2.882307	2.882307	9.038380	7.603137	1.441153	3.012793	6.025586	0.000000	6.025586	0.000000	9.038380	5.683986	3.987159
