Model
Effect Variance SE
-2.034487 1308.223209 36.169368 
0.697072 4.971137 2.229605 
-0.742840 2.192206 1.480610 
0.000006 1.009437 1.004707 
-9.211267 458.795724 21.419517 
-0.076566 1.069533 1.034183 
