Model
Effect Variance SE
10.988724 4.128923 2.031975 
-0.100844 0.001114 0.033377 
-0.340194 0.259028 0.508948 
0.003524 0.674475 0.821264 
-0.771686 0.192728 0.439008 
-0.530691 0.259448 0.509361 
