Model
Effect Variance SE
12.076767 7.685010 2.772185 
-0.138869 0.010853 0.104179 
-0.286979 0.287679 0.536357 
-0.070632 1.022127 1.011003 
-1.270019 0.604807 0.777693 
-0.510709 0.272271 0.521796 
